alacritty
amd-ucode
base
base-devel
blueman
bluez
bluez-utils
btop
btrfs-progs
cliphist
dolphin
dunst
efibootmgr
eza
fastfetch
fd
firefox
fish
fuzzel
fzf
git
go
grim
grub
gst-plugin-pipewire
gtk-engine-murrine
hyprcursor
hypridle
hyprland
hyprlang
hyprlock
hyprpaper
hyprwayland-scanner
imagemagick
imv
kitty
lazygit
libnotify
libpulse
linux-firmware
linux-zen
luarocks
man-db
neovim
network-manager-applet
networkmanager
noto-fonts-cjk
noto-fonts-emoji
npm
os-prober
otf-aurulent-nerd
otf-codenewroman-nerd
otf-comicshanns-nerd
otf-commit-mono-nerd
otf-droid-nerd
otf-firamono-nerd
otf-font-awesome
otf-geist-mono-nerd
otf-hasklig-nerd
otf-hermit-nerd
otf-monaspace-nerd
otf-opendyslexic-nerd
otf-overpass-nerd
pavucontrol
pipewire
pipewire-alsa
pipewire-jack
pipewire-pulse
polkit-kde-agent
qbittorrent
ranger
ripgrep
rust
sddm
slurp
spotify-launcher
starship
ttf-0xproto-nerd
ttf-3270-nerd
ttf-agave-nerd
ttf-anonymouspro-nerd
ttf-arimo-nerd
ttf-bigblueterminal-nerd
ttf-bitstream-vera-mono-nerd
ttf-cascadia-code-nerd
ttf-cascadia-mono-nerd
ttf-cousine-nerd
ttf-d2coding-nerd
ttf-daddytime-mono-nerd
ttf-dejavu-nerd
ttf-envycoder-nerd
ttf-fantasque-nerd
ttf-firacode-nerd
ttf-font-awesome
ttf-go-nerd
ttf-gohu-nerd
ttf-hack-nerd
ttf-heavydata-nerd
ttf-iawriter-nerd
ttf-ibmplex-mono-nerd
ttf-inconsolata-go-nerd
ttf-inconsolata-lgc-nerd
ttf-inconsolata-nerd
ttf-intone-nerd
ttf-iosevka-nerd
ttf-iosevkaterm-nerd
ttf-iosevkatermslab-nerd
ttf-jetbrains-mono-nerd
ttf-lekton-nerd
ttf-liberation-mono-nerd
ttf-lilex-nerd
ttf-martian-mono-nerd
ttf-meslo-nerd
ttf-monofur-nerd
ttf-monoid-nerd
ttf-mononoki-nerd
ttf-mplus-nerd
ttf-nerd-fonts-symbols
ttf-nerd-fonts-symbols-mono
ttf-noto-nerd
ttf-profont-nerd
ttf-proggyclean-nerd
ttf-recursive-nerd
ttf-roboto-mono-nerd
ttf-sharetech-mono-nerd
ttf-sourcecodepro-nerd
ttf-space-mono-nerd
ttf-terminus-nerd
ttf-tinos-nerd
ttf-ubuntu-mono-nerd
ttf-ubuntu-nerd
ttf-victor-mono-nerd
ttf-zed-mono-nerd
vim
waybar
wf-recorder
wireplumber
wl-clipboard
xdg-desktop-portal-hyprland
yad
zig
zoxide
zram-generator
