7zip
alacritty
alsa-plugins
amd-ucode
base
base-devel
bat
blueman
bluez
bluez-utils
broot
btop
ccache
cliphist
discord
dosfstools
dunst
dust
efibootmgr
eza
fastfetch
fd
ffmpegthumbnailer
fish
fuzzel
fzf
git
grim
grub
gst-plugin-pipewire
gtk-engine-murrine
hyprcursor
hypridle
hyprland
hyprlang
hyprlock
hyprpicker
hyprwayland-scanner
ibus
imagemagick
imv
kitty
kvantum
lazygit
libdecor
libpulse
linux-firmware
linux-zen
luarocks
man-db
neovim
network-manager-applet
networkmanager
noto-fonts-cjk
noto-fonts-emoji
npm
ntfs-3g
os-prober
ouch
papirus-icon-theme
pavucontrol
pipewire
pipewire-alsa
pipewire-jack
pipewire-pulse
pnpm
polkit-kde-agent
python-pillow
qbittorrent
qt5-graphicaleffects
qt5-multimedia
qt5-quickcontrols
qt5-quickcontrols2
qt5-svg
qt5-webengine
qt5-websockets
reflector
ripgrep
rsync
rust
sd
sddm
slurp
spotify-launcher
starship
swww
unzip
uwsm
vim
vulkan-radeon
waybar
wf-recorder
wireplumber
wl-clipboard
xdg-desktop-portal-hyprland
xfsprogs
yad
yazi
yt-dlp
zathura
zig
zip
zoxide
zram-generator
